wandb: [wandb.login()] Loaded credentials for https://api.wandb.ai from /home/users/bigmo/.netrc.
wandb: Currently logged in as: moritz-hauschulz to https://api.wandb.ai. Use `wandb login --relogin` to force relogin
wandb: Tracking run with wandb version 0.30.0
wandb: Run data is saved locally in runs/ae-d512/wandb/run-20261005_183533-draypsy0
wandb: Run `wandb offline` to turn off syncing.
wandb: Syncing run ae-d512
wandb: ⭐️ View project at https://wandb.ai/moritz-hauschulz/iecdt-hackathon
wandb: 🚀 View run at https://wandb.ai/moritz-hauschulz/iecdt-hackathon/runs/draypsy0
wandb: updating run metadata
wandb: uploading wandb-summary.json; uploading config.yaml
wandb: uploading history steps 398-399, summary, console lines 419-424
wandb: 
wandb: Run history:
wandb: train/loss █▄▄▂▂▂▂▂▂▂▂▂▂▁▁▁▁▁▁▁▁▁▁▁▁▁▁▁▁▁▁▁▁▁▁▁▁▁▁▁
wandb:   train/lr ████████▇▆▆▆▆▅▅▅▅▅▅▅▄▄▄▄▃▃▃▃▂▂▂▂▂▂▁▁▁▁▁▁
wandb:   val/loss ▁▁▁▁▂▂▂▃▃▄▄▄▅▄▆▆▇▇██
wandb: 
wandb: Run summary:
wandb: train/loss 0.0012
wandb:   train/lr 0.0
wandb:   val/loss 0.01335
wandb: 
wandb: 🚀 View run ae-d512 at: https://wandb.ai/moritz-hauschulz/iecdt-hackathon/runs/draypsy0
wandb: ⭐️ View project at: https://wandb.ai/moritz-hauschulz/iecdt-hackathon
wandb: Synced 5 W&B file(s), 0 media file(s), 0 artifact file(s) and 0 other file(s)
wandb: Find logs at: runs/ae-d512/wandb/run-20261005_183533-draypsy0/logs
