Job 57375685 (ae-d512) on gpuhost005.jc.rl.ac.uk, started Mon  5 Oct 18:35:21 BST 2026
module=train config=configs/default.yaml overrides=--set model.embedding_dim=512 --set model.width=64 --set training.steps=20000 --set training.max_seconds=25200
CUDA_VISIBLE_DEVICES=[0]
GPU 0: NVIDIA A100-SXM4-40GB (UUID: GPU-b77b399f-d42d-77ee-3a66-31d9a23527de)
torch 2.14.0+cu130  cuda 13.0  devices 1
ok: NVIDIA A100-SXM4-40GB
preflight passed
train: 100000 tiles | val: 2000 tiles | 6 channels
model: conv_autoencoder, 23.39M trainable parameters
wandb: online run 'ae-d512' -> https://wandb.ai/moritz-hauschulz/iecdt-hackathon/runs/draypsy0
step      50/20000  loss 0.098487  lr 2.00e-05  5.5 it/s
step     100/20000  loss 0.011656  lr 4.00e-05  6.1 it/s
step     150/20000  loss 0.008808  lr 6.00e-05  6.2 it/s
step     200/20000  loss 0.006959  lr 8.00e-05  6.4 it/s
step     250/20000  loss 0.005599  lr 1.00e-04  6.3 it/s
step     300/20000  loss 0.005244  lr 1.20e-04  6.3 it/s
step     350/20000  loss 0.004839  lr 1.40e-04  6.4 it/s
step     400/20000  loss 0.004681  lr 1.60e-04  6.4 it/s
step     450/20000  loss 0.004497  lr 1.80e-04  6.4 it/s
step     500/20000  loss 0.004564  lr 2.00e-04  6.4 it/s
step     550/20000  loss 0.004308  lr 2.00e-04  6.5 it/s
step     600/20000  loss 0.003964  lr 2.00e-04  6.5 it/s
step     650/20000  loss 0.003928  lr 2.00e-04  6.6 it/s
step     700/20000  loss 0.003919  lr 2.00e-04  6.7 it/s
step     750/20000  loss 0.003759  lr 2.00e-04  6.7 it/s
step     800/20000  loss 0.003723  lr 2.00e-04  6.8 it/s
step     850/20000  loss 0.003545  lr 2.00e-04  6.9 it/s
step     900/20000  loss 0.003365  lr 2.00e-04  6.9 it/s
step     950/20000  loss 0.003266  lr 2.00e-04  7.0 it/s
step    1000/20000  loss 0.003474  lr 2.00e-04  7.1 it/s
step    1000  val loss 0.005830
step    1050/20000  loss 0.003072  lr 2.00e-04  6.8 it/s
step    1100/20000  loss 0.003323  lr 2.00e-04  6.9 it/s
step    1150/20000  loss 0.003226  lr 1.99e-04  7.0 it/s
step    1200/20000  loss 0.003004  lr 1.99e-04  7.0 it/s
step    1250/20000  loss 0.003225  lr 1.99e-04  7.1 it/s
step    1300/20000  loss 0.003000  lr 1.99e-04  7.1 it/s
step    1350/20000  loss 0.002972  lr 1.99e-04  7.2 it/s
step    1400/20000  loss 0.003061  lr 1.99e-04  7.3 it/s
step    1450/20000  loss 0.002881  lr 1.99e-04  7.3 it/s
step    1500/20000  loss 0.002879  lr 1.99e-04  7.4 it/s
step    1550/20000  loss 0.002932  lr 1.99e-04  7.4 it/s
step    1600/20000  loss 0.002921  lr 1.98e-04  7.5 it/s
step    1650/20000  loss 0.002848  lr 1.98e-04  7.5 it/s
step    1700/20000  loss 0.002860  lr 1.98e-04  7.5 it/s
step    1750/20000  loss 0.002737  lr 1.98e-04  7.6 it/s
step    1800/20000  loss 0.002691  lr 1.98e-04  7.6 it/s
step    1850/20000  loss 0.002752  lr 1.98e-04  7.6 it/s
step    1900/20000  loss 0.002762  lr 1.97e-04  7.7 it/s
step    1950/20000  loss 0.002689  lr 1.97e-04  7.7 it/s
step    2000/20000  loss 0.002776  lr 1.97e-04  7.7 it/s
step    2000  val loss 0.005897
step    2050/20000  loss 0.002540  lr 1.97e-04  7.6 it/s
step    2100/20000  loss 0.002698  lr 1.97e-04  7.7 it/s
step    2150/20000  loss 0.002610  lr 1.96e-04  7.7 it/s
step    2200/20000  loss 0.002611  lr 1.96e-04  7.7 it/s
step    2250/20000  loss 0.002555  lr 1.96e-04  7.8 it/s
step    2300/20000  loss 0.002527  lr 1.96e-04  7.8 it/s
step    2350/20000  loss 0.002595  lr 1.96e-04  7.8 it/s
step    2400/20000  loss 0.002549  lr 1.95e-04  7.8 it/s
step    2450/20000  loss 0.002497  lr 1.95e-04  7.9 it/s
step    2500/20000  loss 0.002509  lr 1.95e-04  7.9 it/s
step    2550/20000  loss 0.002458  lr 1.95e-04  7.9 it/s
step    2600/20000  loss 0.002521  lr 1.94e-04  7.9 it/s
step    2650/20000  loss 0.002355  lr 1.94e-04  7.9 it/s
step    2700/20000  loss 0.002388  lr 1.94e-04  8.0 it/s
step    2750/20000  loss 0.002377  lr 1.94e-04  8.0 it/s
step    2800/20000  loss 0.002355  lr 1.93e-04  8.0 it/s
step    2850/20000  loss 0.002495  lr 1.93e-04  8.0 it/s
step    2900/20000  loss 0.002558  lr 1.93e-04  8.0 it/s
step    2950/20000  loss 0.002365  lr 1.92e-04  8.0 it/s
step    3000/20000  loss 0.002355  lr 1.92e-04  8.1 it/s
step    3000  val loss 0.006151
step    3050/20000  loss 0.002324  lr 1.92e-04  8.0 it/s
step    3100/20000  loss 0.002348  lr 1.91e-04  8.0 it/s
step    3150/20000  loss 0.002283  lr 1.91e-04  8.0 it/s
step    3200/20000  loss 0.002402  lr 1.91e-04  8.1 it/s
step    3250/20000  loss 0.002327  lr 1.90e-04  8.1 it/s
step    3300/20000  loss 0.002292  lr 1.90e-04  8.1 it/s
step    3350/20000  loss 0.002297  lr 1.90e-04  8.1 it/s
step    3400/20000  loss 0.002250  lr 1.89e-04  8.1 it/s
step    3450/20000  loss 0.002265  lr 1.89e-04  8.1 it/s
step    3500/20000  loss 0.002146  lr 1.89e-04  8.1 it/s
step    3550/20000  loss 0.002408  lr 1.88e-04  8.2 it/s
step    3600/20000  loss 0.002222  lr 1.88e-04  8.2 it/s
step    3650/20000  loss 0.002118  lr 1.87e-04  8.2 it/s
step    3700/20000  loss 0.002207  lr 1.87e-04  8.2 it/s
step    3750/20000  loss 0.002172  lr 1.87e-04  8.2 it/s
step    3800/20000  loss 0.002232  lr 1.86e-04  8.2 it/s
step    3850/20000  loss 0.002184  lr 1.86e-04  8.2 it/s
step    3900/20000  loss 0.002279  lr 1.85e-04  8.3 it/s
step    3950/20000  loss 0.002210  lr 1.85e-04  8.3 it/s
step    4000/20000  loss 0.002137  lr 1.85e-04  8.3 it/s
step    4000  val loss 0.006335
step    4050/20000  loss 0.002141  lr 1.84e-04  8.2 it/s
step    4100/20000  loss 0.002127  lr 1.84e-04  8.3 it/s
step    4150/20000  loss 0.002176  lr 1.83e-04  8.3 it/s
step    4200/20000  loss 0.002071  lr 1.83e-04  8.3 it/s
step    4250/20000  loss 0.002069  lr 1.82e-04  8.3 it/s
step    4300/20000  loss 0.002140  lr 1.82e-04  8.3 it/s
step    4350/20000  loss 0.002042  lr 1.81e-04  8.3 it/s
step    4400/20000  loss 0.002147  lr 1.81e-04  8.3 it/s
step    4450/20000  loss 0.002111  lr 1.80e-04  8.3 it/s
step    4500/20000  loss 0.002081  lr 1.80e-04  8.3 it/s
step    4550/20000  loss 0.002129  lr 1.79e-04  8.4 it/s
step    4600/20000  loss 0.002003  lr 1.79e-04  8.4 it/s
step    4650/20000  loss 0.001997  lr 1.78e-04  8.4 it/s
step    4700/20000  loss 0.002067  lr 1.78e-04  8.4 it/s
step    4750/20000  loss 0.002010  lr 1.77e-04  8.4 it/s
step    4800/20000  loss 0.002033  lr 1.77e-04  8.4 it/s
step    4850/20000  loss 0.002051  lr 1.76e-04  8.4 it/s
step    4900/20000  loss 0.001982  lr 1.76e-04  8.4 it/s
step    4950/20000  loss 0.002024  lr 1.75e-04  8.4 it/s
step    5000/20000  loss 0.002033  lr 1.75e-04  8.4 it/s
step    5000  val loss 0.006824
step    5050/20000  loss 0.001948  lr 1.74e-04  8.4 it/s
step    5100/20000  loss 0.001973  lr 1.74e-04  8.4 it/s
step    5150/20000  loss 0.001966  lr 1.73e-04  8.4 it/s
step    5200/20000  loss 0.001907  lr 1.73e-04  8.4 it/s
step    5250/20000  loss 0.001959  lr 1.72e-04  8.4 it/s
step    5300/20000  loss 0.002024  lr 1.72e-04  8.4 it/s
step    5350/20000  loss 0.001852  lr 1.71e-04  8.4 it/s
step    5400/20000  loss 0.001910  lr 1.70e-04  8.4 it/s
step    5450/20000  loss 0.001926  lr 1.70e-04  8.5 it/s
step    5500/20000  loss 0.002015  lr 1.69e-04  8.5 it/s
step    5550/20000  loss 0.001902  lr 1.69e-04  8.5 it/s
step    5600/20000  loss 0.001831  lr 1.68e-04  8.5 it/s
step    5650/20000  loss 0.001848  lr 1.68e-04  8.5 it/s
step    5700/20000  loss 0.001820  lr 1.67e-04  8.5 it/s
step    5750/20000  loss 0.001925  lr 1.66e-04  8.5 it/s
step    5800/20000  loss 0.001925  lr 1.66e-04  8.5 it/s
step    5850/20000  loss 0.001880  lr 1.65e-04  8.5 it/s
step    5900/20000  loss 0.001907  lr 1.64e-04  8.5 it/s
step    5950/20000  loss 0.001840  lr 1.64e-04  8.5 it/s
step    6000/20000  loss 0.001839  lr 1.63e-04  8.5 it/s
step    6000  val loss 0.007253
step    6050/20000  loss 0.001866  lr 1.63e-04  8.5 it/s
step    6100/20000  loss 0.001879  lr 1.62e-04  8.5 it/s
step    6150/20000  loss 0.001852  lr 1.61e-04  8.5 it/s
step    6200/20000  loss 0.001824  lr 1.61e-04  8.5 it/s
step    6250/20000  loss 0.001808  lr 1.60e-04  8.5 it/s
step    6300/20000  loss 0.001818  lr 1.59e-04  8.5 it/s
step    6350/20000  loss 0.001773  lr 1.59e-04  8.5 it/s
step    6400/20000  loss 0.001772  lr 1.58e-04  8.5 it/s
step    6450/20000  loss 0.001836  lr 1.57e-04  8.5 it/s
step    6500/20000  loss 0.001772  lr 1.57e-04  8.5 it/s
step    6550/20000  loss 0.001816  lr 1.56e-04  8.6 it/s
step    6600/20000  loss 0.001765  lr 1.55e-04  8.6 it/s
step    6650/20000  loss 0.001746  lr 1.55e-04  8.6 it/s
step    6700/20000  loss 0.001762  lr 1.54e-04  8.6 it/s
step    6750/20000  loss 0.001713  lr 1.53e-04  8.6 it/s
step    6800/20000  loss 0.001778  lr 1.53e-04  8.6 it/s
step    6850/20000  loss 0.001740  lr 1.52e-04  8.6 it/s
step    6900/20000  loss 0.001723  lr 1.51e-04  8.6 it/s
step    6950/20000  loss 0.001780  lr 1.51e-04  8.6 it/s
step    7000/20000  loss 0.001782  lr 1.50e-04  8.6 it/s
step    7000  val loss 0.007253
step    7050/20000  loss 0.001774  lr 1.49e-04  8.6 it/s
step    7100/20000  loss 0.001749  lr 1.49e-04  8.6 it/s
step    7150/20000  loss 0.001697  lr 1.48e-04  8.6 it/s
step    7200/20000  loss 0.001730  lr 1.47e-04  8.6 it/s
step    7250/20000  loss 0.001746  lr 1.46e-04  8.6 it/s
step    7300/20000  loss 0.001718  lr 1.46e-04  8.6 it/s
step    7350/20000  loss 0.001664  lr 1.45e-04  8.6 it/s
step    7400/20000  loss 0.001699  lr 1.44e-04  8.6 it/s
step    7450/20000  loss 0.001711  lr 1.44e-04  8.6 it/s
step    7500/20000  loss 0.001661  lr 1.43e-04  8.6 it/s
step    7550/20000  loss 0.001682  lr 1.42e-04  8.6 it/s
step    7600/20000  loss 0.001663  lr 1.41e-04  8.6 it/s
step    7650/20000  loss 0.001615  lr 1.41e-04  8.6 it/s
step    7700/20000  loss 0.001684  lr 1.40e-04  8.6 it/s
step    7750/20000  loss 0.001738  lr 1.39e-04  8.6 it/s
step    7800/20000  loss 0.001665  lr 1.38e-04  8.6 it/s
step    7850/20000  loss 0.001652  lr 1.38e-04  8.6 it/s
step    7900/20000  loss 0.001640  lr 1.37e-04  8.6 it/s
step    7950/20000  loss 0.001643  lr 1.36e-04  8.7 it/s
step    8000/20000  loss 0.001626  lr 1.35e-04  8.7 it/s
step    8000  val loss 0.007813
step    8050/20000  loss 0.001573  lr 1.35e-04  8.6 it/s
step    8100/20000  loss 0.001674  lr 1.34e-04  8.6 it/s
step    8150/20000  loss 0.001666  lr 1.33e-04  8.6 it/s
step    8200/20000  loss 0.001666  lr 1.32e-04  8.6 it/s
step    8250/20000  loss 0.001613  lr 1.32e-04  8.6 it/s
step    8300/20000  loss 0.001589  lr 1.31e-04  8.7 it/s
step    8350/20000  loss 0.001600  lr 1.30e-04  8.7 it/s
step    8400/20000  loss 0.001611  lr 1.29e-04  8.7 it/s
step    8450/20000  loss 0.001612  lr 1.29e-04  8.7 it/s
step    8500/20000  loss 0.001583  lr 1.28e-04  8.7 it/s
step    8550/20000  loss 0.001572  lr 1.27e-04  8.7 it/s
step    8600/20000  loss 0.001608  lr 1.26e-04  8.7 it/s
step    8650/20000  loss 0.001550  lr 1.26e-04  8.7 it/s
step    8700/20000  loss 0.001651  lr 1.25e-04  8.7 it/s
step    8750/20000  loss 0.001620  lr 1.24e-04  8.7 it/s
step    8800/20000  loss 0.001616  lr 1.23e-04  8.7 it/s
step    8850/20000  loss 0.001569  lr 1.22e-04  8.7 it/s
step    8900/20000  loss 0.001577  lr 1.22e-04  8.7 it/s
step    8950/20000  loss 0.001598  lr 1.21e-04  8.7 it/s
step    9000/20000  loss 0.001597  lr 1.20e-04  8.7 it/s
step    9000  val loss 0.008358
step    9050/20000  loss 0.001537  lr 1.19e-04  8.7 it/s
step    9100/20000  loss 0.001539  lr 1.18e-04  8.7 it/s
step    9150/20000  loss 0.001582  lr 1.18e-04  8.7 it/s
step    9200/20000  loss 0.001522  lr 1.17e-04  8.7 it/s
step    9250/20000  loss 0.001532  lr 1.16e-04  8.7 it/s
step    9300/20000  loss 0.001555  lr 1.15e-04  8.7 it/s
step    9350/20000  loss 0.001556  lr 1.14e-04  8.7 it/s
step    9400/20000  loss 0.001519  lr 1.14e-04  8.7 it/s
step    9450/20000  loss 0.001485  lr 1.13e-04  8.7 it/s
step    9500/20000  loss 0.001494  lr 1.12e-04  8.7 it/s
step    9550/20000  loss 0.001514  lr 1.11e-04  8.7 it/s
step    9600/20000  loss 0.001512  lr 1.10e-04  8.7 it/s
step    9650/20000  loss 0.001443  lr 1.10e-04  8.7 it/s
step    9700/20000  loss 0.001564  lr 1.09e-04  8.7 it/s
step    9750/20000  loss 0.001556  lr 1.08e-04  8.7 it/s
step    9800/20000  loss 0.001515  lr 1.07e-04  8.7 it/s
step    9850/20000  loss 0.001499  lr 1.06e-04  8.7 it/s
step    9900/20000  loss 0.001496  lr 1.06e-04  8.7 it/s
step    9950/20000  loss 0.001489  lr 1.05e-04  8.7 it/s
step   10000/20000  loss 0.001472  lr 1.04e-04  8.7 it/s
step   10000  val loss 0.008699
step   10050/20000  loss 0.001491  lr 1.03e-04  8.7 it/s
step   10100/20000  loss 0.001509  lr 1.02e-04  8.7 it/s
step   10150/20000  loss 0.001497  lr 1.02e-04  8.7 it/s
step   10200/20000  loss 0.001508  lr 1.01e-04  8.7 it/s
step   10250/20000  loss 0.001457  lr 1.00e-04  8.7 it/s
step   10300/20000  loss 0.001480  lr 9.92e-05  8.7 it/s
step   10350/20000  loss 0.001536  lr 9.84e-05  8.7 it/s
step   10400/20000  loss 0.001468  lr 9.76e-05  8.7 it/s
step   10450/20000  loss 0.001474  lr 9.68e-05  8.7 it/s
step   10500/20000  loss 0.001432  lr 9.60e-05  8.7 it/s
step   10550/20000  loss 0.001446  lr 9.52e-05  8.7 it/s
step   10600/20000  loss 0.001462  lr 9.44e-05  8.7 it/s
step   10650/20000  loss 0.001531  lr 9.36e-05  8.7 it/s
step   10700/20000  loss 0.001472  lr 9.28e-05  8.8 it/s
step   10750/20000  loss 0.001425  lr 9.20e-05  8.8 it/s
step   10800/20000  loss 0.001462  lr 9.12e-05  8.8 it/s
step   10850/20000  loss 0.001437  lr 9.04e-05  8.8 it/s
step   10900/20000  loss 0.001463  lr 8.96e-05  8.8 it/s
step   10950/20000  loss 0.001442  lr 8.88e-05  8.8 it/s
step   11000/20000  loss 0.001442  lr 8.80e-05  8.8 it/s
step   11000  val loss 0.008976
step   11050/20000  loss 0.001403  lr 8.72e-05  8.7 it/s
step   11100/20000  loss 0.001420  lr 8.64e-05  8.7 it/s
step   11150/20000  loss 0.001397  lr 8.56e-05  8.7 it/s
step   11200/20000  loss 0.001450  lr 8.48e-05  8.7 it/s
step   11250/20000  loss 0.001384  lr 8.40e-05  8.8 it/s
step   11300/20000  loss 0.001427  lr 8.32e-05  8.8 it/s
step   11350/20000  loss 0.001453  lr 8.24e-05  8.8 it/s
step   11400/20000  loss 0.001407  lr 8.16e-05  8.8 it/s
step   11450/20000  loss 0.001431  lr 8.08e-05  8.8 it/s
step   11500/20000  loss 0.001390  lr 8.00e-05  8.8 it/s
step   11550/20000  loss 0.001361  lr 7.92e-05  8.8 it/s
step   11600/20000  loss 0.001375  lr 7.84e-05  8.8 it/s
step   11650/20000  loss 0.001377  lr 7.77e-05  8.8 it/s
step   11700/20000  loss 0.001406  lr 7.69e-05  8.8 it/s
step   11750/20000  loss 0.001398  lr 7.61e-05  8.8 it/s
step   11800/20000  loss 0.001364  lr 7.53e-05  8.8 it/s
step   11850/20000  loss 0.001378  lr 7.45e-05  8.8 it/s
step   11900/20000  loss 0.001397  lr 7.37e-05  8.8 it/s
step   11950/20000  loss 0.001366  lr 7.30e-05  8.8 it/s
step   12000/20000  loss 0.001376  lr 7.22e-05  8.8 it/s
step   12000  val loss 0.009495
step   12050/20000  loss 0.001418  lr 7.14e-05  8.8 it/s
step   12100/20000  loss 0.001350  lr 7.06e-05  8.8 it/s
step   12150/20000  loss 0.001387  lr 6.99e-05  8.8 it/s
step   12200/20000  loss 0.001359  lr 6.91e-05  8.8 it/s
step   12250/20000  loss 0.001367  lr 6.83e-05  8.8 it/s
step   12300/20000  loss 0.001368  lr 6.76e-05  8.8 it/s
step   12350/20000  loss 0.001366  lr 6.68e-05  8.8 it/s
step   12400/20000  loss 0.001355  lr 6.61e-05  8.8 it/s
step   12450/20000  loss 0.001397  lr 6.53e-05  8.8 it/s
step   12500/20000  loss 0.001402  lr 6.46e-05  8.8 it/s
step   12550/20000  loss 0.001337  lr 6.38e-05  8.8 it/s
step   12600/20000  loss 0.001328  lr 6.31e-05  8.8 it/s
step   12650/20000  loss 0.001307  lr 6.23e-05  8.8 it/s
step   12700/20000  loss 0.001373  lr 6.16e-05  8.8 it/s
step   12750/20000  loss 0.001357  lr 6.08e-05  8.8 it/s
step   12800/20000  loss 0.001386  lr 6.01e-05  8.8 it/s
step   12850/20000  loss 0.001324  lr 5.93e-05  8.8 it/s
step   12900/20000  loss 0.001291  lr 5.86e-05  8.8 it/s
step   12950/20000  loss 0.001338  lr 5.79e-05  8.8 it/s
step   13000/20000  loss 0.001333  lr 5.71e-05  8.8 it/s
step   13000  val loss 0.009729
step   13050/20000  loss 0.001343  lr 5.64e-05  8.8 it/s
step   13100/20000  loss 0.001318  lr 5.57e-05  8.8 it/s
step   13150/20000  loss 0.001319  lr 5.50e-05  8.8 it/s
step   13200/20000  loss 0.001308  lr 5.43e-05  8.8 it/s
step   13250/20000  loss 0.001310  lr 5.35e-05  8.8 it/s
step   13300/20000  loss 0.001347  lr 5.28e-05  8.8 it/s
step   13350/20000  loss 0.001326  lr 5.21e-05  8.8 it/s
step   13400/20000  loss 0.001323  lr 5.14e-05  8.8 it/s
step   13450/20000  loss 0.001319  lr 5.07e-05  8.8 it/s
step   13500/20000  loss 0.001299  lr 5.00e-05  8.8 it/s
step   13550/20000  loss 0.001302  lr 4.93e-05  8.8 it/s
step   13600/20000  loss 0.001291  lr 4.86e-05  8.8 it/s
step   13650/20000  loss 0.001340  lr 4.79e-05  8.8 it/s
step   13700/20000  loss 0.001329  lr 4.72e-05  8.8 it/s
step   13750/20000  loss 0.001283  lr 4.66e-05  8.8 it/s
step   13800/20000  loss 0.001325  lr 4.59e-05  8.8 it/s
step   13850/20000  loss 0.001303  lr 4.52e-05  8.8 it/s
step   13900/20000  loss 0.001294  lr 4.45e-05  8.8 it/s
step   13950/20000  loss 0.001311  lr 4.39e-05  8.8 it/s
step   14000/20000  loss 0.001296  lr 4.32e-05  8.8 it/s
step   14000  val loss 0.009560
step   14050/20000  loss 0.001289  lr 4.25e-05  8.8 it/s
step   14100/20000  loss 0.001301  lr 4.19e-05  8.8 it/s
step   14150/20000  loss 0.001308  lr 4.12e-05  8.8 it/s
step   14200/20000  loss 0.001306  lr 4.06e-05  8.8 it/s
step   14250/20000  loss 0.001296  lr 3.99e-05  8.8 it/s
step   14300/20000  loss 0.001268  lr 3.93e-05  8.8 it/s
step   14350/20000  loss 0.001286  lr 3.87e-05  8.8 it/s
step   14400/20000  loss 0.001257  lr 3.80e-05  8.8 it/s
step   14450/20000  loss 0.001280  lr 3.74e-05  8.8 it/s
step   14500/20000  loss 0.001282  lr 3.68e-05  8.8 it/s
step   14550/20000  loss 0.001247  lr 3.61e-05  8.8 it/s
step   14600/20000  loss 0.001305  lr 3.55e-05  8.8 it/s
step   14650/20000  loss 0.001264  lr 3.49e-05  8.8 it/s
step   14700/20000  loss 0.001250  lr 3.43e-05  8.8 it/s
step   14750/20000  loss 0.001263  lr 3.37e-05  8.8 it/s
step   14800/20000  loss 0.001250  lr 3.31e-05  8.8 it/s
step   14850/20000  loss 0.001271  lr 3.25e-05  8.8 it/s
step   14900/20000  loss 0.001253  lr 3.19e-05  8.8 it/s
step   14950/20000  loss 0.001275  lr 3.13e-05  8.8 it/s
step   15000/20000  loss 0.001253  lr 3.07e-05  8.8 it/s
step   15000  val loss 0.010678
step   15050/20000  loss 0.001267  lr 3.02e-05  8.8 it/s
step   15100/20000  loss 0.001278  lr 2.96e-05  8.8 it/s
step   15150/20000  loss 0.001272  lr 2.90e-05  8.8 it/s
step   15200/20000  loss 0.001278  lr 2.85e-05  8.8 it/s
step   15250/20000  loss 0.001271  lr 2.79e-05  8.8 it/s
step   15300/20000  loss 0.001233  lr 2.73e-05  8.8 it/s
step   15350/20000  loss 0.001260  lr 2.68e-05  8.8 it/s
step   15400/20000  loss 0.001227  lr 2.62e-05  8.8 it/s
step   15450/20000  loss 0.001261  lr 2.57e-05  8.8 it/s
step   15500/20000  loss 0.001258  lr 2.52e-05  8.8 it/s
step   15550/20000  loss 0.001239  lr 2.46e-05  8.8 it/s
step   15600/20000  loss 0.001215  lr 2.41e-05  8.8 it/s
step   15650/20000  loss 0.001251  lr 2.36e-05  8.8 it/s
step   15700/20000  loss 0.001257  lr 2.31e-05  8.8 it/s
step   15750/20000  loss 0.001232  lr 2.25e-05  8.8 it/s
step   15800/20000  loss 0.001259  lr 2.20e-05  8.8 it/s
step   15850/20000  loss 0.001285  lr 2.15e-05  8.8 it/s
step   15900/20000  loss 0.001233  lr 2.10e-05  8.8 it/s
step   15950/20000  loss 0.001279  lr 2.06e-05  8.8 it/s
step   16000/20000  loss 0.001218  lr 2.01e-05  8.8 it/s
step   16000  val loss 0.011430
step   16050/20000  loss 0.001225  lr 1.96e-05  8.8 it/s
step   16100/20000  loss 0.001242  lr 1.91e-05  8.8 it/s
step   16150/20000  loss 0.001227  lr 1.86e-05  8.8 it/s
step   16200/20000  loss 0.001221  lr 1.82e-05  8.8 it/s
step   16250/20000  loss 0.001225  lr 1.77e-05  8.8 it/s
step   16300/20000  loss 0.001245  lr 1.73e-05  8.8 it/s
step   16350/20000  loss 0.001196  lr 1.68e-05  8.8 it/s
step   16400/20000  loss 0.001204  lr 1.64e-05  8.8 it/s
step   16450/20000  loss 0.001210  lr 1.59e-05  8.8 it/s
step   16500/20000  loss 0.001223  lr 1.55e-05  8.8 it/s
step   16550/20000  loss 0.001244  lr 1.51e-05  8.8 it/s
step   16600/20000  loss 0.001187  lr 1.46e-05  8.8 it/s
step   16650/20000  loss 0.001231  lr 1.42e-05  8.9 it/s
step   16700/20000  loss 0.001231  lr 1.38e-05  8.9 it/s
step   16750/20000  loss 0.001218  lr 1.34e-05  8.9 it/s
step   16800/20000  loss 0.001232  lr 1.30e-05  8.9 it/s
step   16850/20000  loss 0.001231  lr 1.26e-05  8.9 it/s
step   16900/20000  loss 0.001235  lr 1.22e-05  8.9 it/s
step   16950/20000  loss 0.001232  lr 1.18e-05  8.9 it/s
step   17000/20000  loss 0.001211  lr 1.15e-05  8.9 it/s
step   17000  val loss 0.011939
step   17050/20000  loss 0.001212  lr 1.11e-05  8.8 it/s
step   17100/20000  loss 0.001216  lr 1.07e-05  8.8 it/s
step   17150/20000  loss 0.001231  lr 1.04e-05  8.9 it/s
step   17200/20000  loss 0.001234  lr 1.00e-05  8.8 it/s
step   17250/20000  loss 0.001237  lr 9.66e-06  8.9 it/s
step   17300/20000  loss 0.001176  lr 9.32e-06  8.9 it/s
step   17350/20000  loss 0.001224  lr 8.98e-06  8.9 it/s
step   17400/20000  loss 0.001232  lr 8.65e-06  8.9 it/s
step   17450/20000  loss 0.001189  lr 8.33e-06  8.9 it/s
step   17500/20000  loss 0.001207  lr 8.01e-06  8.9 it/s
step   17550/20000  loss 0.001221  lr 7.70e-06  8.9 it/s
step   17600/20000  loss 0.001222  lr 7.39e-06  8.9 it/s
step   17650/20000  loss 0.001232  lr 7.09e-06  8.9 it/s
step   17700/20000  loss 0.001241  lr 6.79e-06  8.9 it/s
step   17750/20000  loss 0.001212  lr 6.50e-06  8.9 it/s
step   17800/20000  loss 0.001232  lr 6.22e-06  8.9 it/s
step   17850/20000  loss 0.001207  lr 5.94e-06  8.9 it/s
step   17900/20000  loss 0.001205  lr 5.67e-06  8.9 it/s
step   17950/20000  loss 0.001194  lr 5.41e-06  8.9 it/s
step   18000/20000  loss 0.001193  lr 5.15e-06  8.9 it/s
step   18000  val loss 0.012770
step   18050/20000  loss 0.001221  lr 4.90e-06  8.9 it/s
step   18100/20000  loss 0.001232  lr 4.65e-06  8.9 it/s
step   18150/20000  loss 0.001229  lr 4.41e-06  8.9 it/s
step   18200/20000  loss 0.001189  lr 4.18e-06  8.9 it/s
step   18250/20000  loss 0.001226  lr 3.95e-06  8.9 it/s
step   18300/20000  loss 0.001222  lr 3.73e-06  8.9 it/s
step   18350/20000  loss 0.001202  lr 3.52e-06  8.9 it/s
step   18400/20000  loss 0.001200  lr 3.31e-06  8.9 it/s
step   18450/20000  loss 0.001217  lr 3.11e-06  8.9 it/s
step   18500/20000  loss 0.001197  lr 2.91e-06  8.9 it/s
step   18550/20000  loss 0.001217  lr 2.72e-06  8.9 it/s
step   18600/20000  loss 0.001233  lr 2.54e-06  8.9 it/s
step   18650/20000  loss 0.001212  lr 2.36e-06  8.9 it/s
step   18700/20000  loss 0.001187  lr 2.19e-06  8.9 it/s
step   18750/20000  loss 0.001173  lr 2.02e-06  8.9 it/s
step   18800/20000  loss 0.001206  lr 1.87e-06  8.9 it/s
step   18850/20000  loss 0.001198  lr 1.71e-06  8.9 it/s
step   18900/20000  loss 0.001188  lr 1.57e-06  8.9 it/s
step   18950/20000  loss 0.001211  lr 1.43e-06  8.9 it/s
step   19000/20000  loss 0.001209  lr 1.30e-06  8.9 it/s
step   19000  val loss 0.013285
step   19050/20000  loss 0.001180  lr 1.17e-06  8.9 it/s
step   19100/20000  loss 0.001190  lr 1.05e-06  8.9 it/s
step   19150/20000  loss 0.001220  lr 9.38e-07  8.9 it/s
step   19200/20000  loss 0.001214  lr 8.32e-07  8.9 it/s
step   19250/20000  loss 0.001186  lr 7.31e-07  8.9 it/s
step   19300/20000  loss 0.001189  lr 6.37e-07  8.9 it/s
step   19350/20000  loss 0.001218  lr 5.49e-07  8.9 it/s
step   19400/20000  loss 0.001217  lr 4.68e-07  8.9 it/s
step   19450/20000  loss 0.001210  lr 3.94e-07  8.9 it/s
step   19500/20000  loss 0.001215  lr 3.26e-07  8.9 it/s
step   19550/20000  loss 0.001209  lr 2.64e-07  8.9 it/s
step   19600/20000  loss 0.001215  lr 2.09e-07  8.9 it/s
step   19650/20000  loss 0.001187  lr 1.60e-07  8.9 it/s
step   19700/20000  loss 0.001202  lr 1.18e-07  8.9 it/s
step   19750/20000  loss 0.001168  lr 8.18e-08  8.9 it/s
step   19800/20000  loss 0.001221  lr 5.24e-08  8.9 it/s
step   19850/20000  loss 0.001204  lr 2.96e-08  8.9 it/s
step   19900/20000  loss 0.001195  lr 1.32e-08  8.9 it/s
step   19950/20000  loss 0.001254  lr 3.38e-09  8.9 it/s
step   20000/20000  loss 0.001197  lr 1.30e-12  8.9 it/s
step   20000  val loss 0.013353

Done. Best val loss 0.005830. Checkpoints in runs/ae-d512
Evaluate with:
  python -m iecdt_hackathon.evaluate --checkpoint runs/ae-d512/best.pt
/gws/ssde/j25b/iecdt/modis_hackathon/val: 10000 tiles, 6 channels | device cuda

=== ae-d512 ===
  wrote embeddings/val/ae-d512.npz  (10,000 tiles x 512 dims, tiles 1899ec16689e0477)

Next: score them locally with
  python -m iecdt_hackathon.evaluate --embeddings embeddings/val/*.npz

=== ae-d512 ===
  10,000 tiles x 512 dims  (embeddings/val/ae-d512.npz)
  task_4     R2 +0.9253  [5 folds]
  task_5     R2 +0.9279  [5 folds]
  task_6     macro-F1 0.4166  [5 folds]
  task_7     R2 +0.9445  [5 folds]
  OVERALL 0.8036

5-fold cross-validation over 10,000 labelled tiles: every tile is predicted by a probe that never saw it, and each task's score is one metric over all of those predictions pooled. The folds are fixed, so rerunning this gives the same numbers.

Wrote results/ae-d512/results.json
Wrote results/ae-d512/task_scores.png
Finished Mon  5 Oct 19:15:09 BST 2026
