Job 57383969 (ijepa-ti16-cache) on gpuhost005.jc.rl.ac.uk, started Mon  5 Oct 19:48:10 BST 2026
module=train_ijepa config=configs/ijepa.yaml overrides=--set model.arch=vit_tiny --set model.pred_emb_dim=96 --set data.cache=ram_uint8 --set training.steps=200000 --set training.max_seconds=23400
CUDA_VISIBLE_DEVICES=[0]
GPU 0: NVIDIA A100-SXM4-40GB (UUID: GPU-b77b399f-d42d-77ee-3a66-31d9a23527de)
torch 2.14.0+cu130  cuda 13.0  devices 1
ok: NVIDIA A100-SXM4-40GB
preflight passed
train: 100000 tiles | val: 4000 tiles | 6 channels | 256x256
sentinel zeros in tile 0: 0.00000%
building 39.3 GB uint8 RAM cache of 100,000 tiles
  cached 20,032/100,000 tiles  719 tiles/s
  cached 40,000/100,000 tiles  747 tiles/s
  cached 60,032/100,000 tiles  743 tiles/s
  cached 80,000/100,000 tiles  742 tiles/s
  cached 100,000/100,000 tiles  746 tiles/s
  cache built: 39.3 GB in 2.2 min
model: ijepa/vit_tiny, 6.34M trainable, embedding_dim 384
wandb: online run 'ijepa-ti16-cache' -> https://wandb.ai/moritz-hauschulz/iecdt-hackathon/runs/n1eoqhrr
pooling variants: mean, meanstd, mean4, mean4std
step      50/200000  loss 0.351280  lr 6.06e-05  wd 0.040  m 0.9960  ctx  81 tgt  40  2.41 it/s
step     100/200000  loss 0.232063  lr 6.12e-05  wd 0.040  m 0.9960  ctx  89 tgt  35  3.82 it/s
step     150/200000  loss 0.155369  lr 6.18e-05  wd 0.040  m 0.9960  ctx  72 tgt  42  4.89 it/s
step     200/200000  loss 0.121171  lr 6.24e-05  wd 0.040  m 0.9960  ctx  69 tgt  42  5.44 it/s
step     250/200000  loss 0.125797  lr 6.30e-05  wd 0.040  m 0.9960  ctx  67 tgt  48  6.10 it/s
step     300/200000  loss 0.149208  lr 6.36e-05  wd 0.041  m 0.9960  ctx  68 tgt  42  6.67 it/s
step     350/200000  loss 0.150622  lr 6.42e-05  wd 0.041  m 0.9960  ctx  65 tgt  48  7.16 it/s
step     400/200000  loss 0.122042  lr 6.48e-05  wd 0.041  m 0.9960  ctx  69 tgt  49  7.58 it/s
