wandb: [wandb.login()] Loaded credentials for https://api.wandb.ai from /home/users/bigmo/.netrc.
wandb: Currently logged in as: moritz-hauschulz to https://api.wandb.ai. Use `wandb login --relogin` to force relogin
wandb: Tracking run with wandb version 0.30.0
wandb: Run data is saved locally in runs/ijepa-s16-lr15/wandb/run-20261005_183906-9ro1zthz
wandb: Run `wandb offline` to turn off syncing.
wandb: Syncing run ijepa-s16-lr15
wandb: ⭐️ View project at https://wandb.ai/moritz-hauschulz/iecdt-hackathon
wandb: 🚀 View run at https://wandb.ai/moritz-hauschulz/iecdt-hackathon/runs/9ro1zthz
Traceback (most recent call last):
  File "<frozen runpy>", line 198, in _run_module_as_main
  File "<frozen runpy>", line 88, in _run_code
  File "/home/users/bigmo/iecdt_hackathon_clouds/iecdt_hackathon/train_ijepa.py", line 427, in <module>
    main()
  File "/home/users/bigmo/iecdt_hackathon_clouds/iecdt_hackathon/train_ijepa.py", line 300, in main
    loss = model(x, masks_ctx, masks_tgt)
           ^^^^^^^^^^^^^^^^^^^^^^^^^^^^^^
  File "/home/users/bigmo/iecdt_hackathon_clouds/.venv/lib/python3.12/site-packages/torch/nn/modules/module.py", line 1783, in _wrapped_call_impl
    return self._call_impl(*args, **kwargs)
           ^^^^^^^^^^^^^^^^^^^^^^^^^^^^^^^^
  File "/home/users/bigmo/iecdt_hackathon_clouds/.venv/lib/python3.12/site-packages/torch/nn/modules/module.py", line 1794, in _call_impl
    return forward_call(*args, **kwargs)
           ^^^^^^^^^^^^^^^^^^^^^^^^^^^^^
  File "/home/users/bigmo/iecdt_hackathon_clouds/iecdt_hackathon/ijepa/model.py", line 148, in forward
    h = self.target_encoder(x)
        ^^^^^^^^^^^^^^^^^^^^^^
  File "/home/users/bigmo/iecdt_hackathon_clouds/.venv/lib/python3.12/site-packages/torch/nn/modules/module.py", line 1783, in _wrapped_call_impl
    return self._call_impl(*args, **kwargs)
           ^^^^^^^^^^^^^^^^^^^^^^^^^^^^^^^^
  File "/home/users/bigmo/iecdt_hackathon_clouds/.venv/lib/python3.12/site-packages/torch/nn/modules/module.py", line 1794, in _call_impl
    return forward_call(*args, **kwargs)
           ^^^^^^^^^^^^^^^^^^^^^^^^^^^^^
  File "/home/users/bigmo/iecdt_hackathon_clouds/iecdt_hackathon/ijepa/vision_transformer.py", line 230, in forward
    t = self.tokens(x)
        ^^^^^^^^^^^^^^
  File "/home/users/bigmo/iecdt_hackathon_clouds/iecdt_hackathon/ijepa/vision_transformer.py", line 225, in tokens
    t, grid_h, grid_w = self.patch_embed(x)
                        ^^^^^^^^^^^^^^^^^^^
  File "/home/users/bigmo/iecdt_hackathon_clouds/.venv/lib/python3.12/site-packages/torch/nn/modules/module.py", line 1783, in _wrapped_call_impl
    return self._call_impl(*args, **kwargs)
           ^^^^^^^^^^^^^^^^^^^^^^^^^^^^^^^^
  File "/home/users/bigmo/iecdt_hackathon_clouds/.venv/lib/python3.12/site-packages/torch/nn/modules/module.py", line 1794, in _call_impl
    return forward_call(*args, **kwargs)
           ^^^^^^^^^^^^^^^^^^^^^^^^^^^^^
  File "/home/users/bigmo/iecdt_hackathon_clouds/iecdt_hackathon/ijepa/vision_transformer.py", line 144, in forward
    x = self.proj(x)
        ^^^^^^^^^^^^
  File "/home/users/bigmo/iecdt_hackathon_clouds/.venv/lib/python3.12/site-packages/torch/nn/modules/module.py", line 1783, in _wrapped_call_impl
    return self._call_impl(*args, **kwargs)
           ^^^^^^^^^^^^^^^^^^^^^^^^^^^^^^^^
  File "/home/users/bigmo/iecdt_hackathon_clouds/.venv/lib/python3.12/site-packages/torch/nn/modules/module.py", line 1794, in _call_impl
    return forward_call(*args, **kwargs)
           ^^^^^^^^^^^^^^^^^^^^^^^^^^^^^
  File "/home/users/bigmo/iecdt_hackathon_clouds/.venv/lib/python3.12/site-packages/torch/nn/modules/conv.py", line 565, in forward
    return self._conv_forward(input, self.weight, self.bias)
           ^^^^^^^^^^^^^^^^^^^^^^^^^^^^^^^^^^^^^^^^^^^^^^^^^
  File "/home/users/bigmo/iecdt_hackathon_clouds/.venv/lib/python3.12/site-packages/torch/nn/modules/conv.py", line 560, in _conv_forward
    return F.conv2d(
           ^^^^^^^^^
RuntimeError: Input type (double) and bias type (c10::BFloat16) should be the same
