Job 57375683 (ijepa-s16-cache) on gpuhost007.jc.rl.ac.uk, started Mon  5 Oct 18:31:30 BST 2026
module=train_ijepa config=configs/ijepa.yaml overrides=--set data.cache=ram_uint8 --set training.steps=150000 --set training.max_seconds=25200
CUDA_VISIBLE_DEVICES=[0]
GPU 0: NVIDIA A100-SXM4-40GB (UUID: GPU-2927d07e-3fe9-7904-9e08-b08b82d9a37d)
torch 2.14.0+cu130  cuda 13.0  devices 1
ok: NVIDIA A100-SXM4-40GB
preflight passed
train: 100000 tiles | val: 4000 tiles | 6 channels | 256x256
sentinel zeros in tile 0: 0.00000%
building 39.3 GB uint8 RAM cache of 100,000 tiles
  cached 20,032/100,000 tiles  480 tiles/s
  cached 40,000/100,000 tiles  494 tiles/s
  cached 60,032/100,000 tiles  494 tiles/s
  cached 80,000/100,000 tiles  495 tiles/s
  cached 100,000/100,000 tiles  495 tiles/s
  cache built: 39.3 GB in 3.4 min
model: ijepa/vit_small, 24.70M trainable, embedding_dim 768
wandb: online run 'ijepa-s16-cache' -> https://wandb.ai/moritz-hauschulz/iecdt-hackathon/runs/sdndhar3
pooling variants: mean, meanstd, mean4, mean4std
[1;34mwandb[0m: 
[1;34mwandb[0m: 🚀 View run [33mijepa-s16-cache[0m at: [34mhttps://wandb.ai/moritz-hauschulz/iecdt-hackathon/runs/sdndhar3[0m
