Job 57375253 (ijepa-b16-cache) on gpuhost005.jc.rl.ac.uk, started Mon  5 Oct 18:29:11 BST 2026
module=train_ijepa config=configs/ijepa.yaml overrides=--set model.arch=vit_base --set model.pred_emb_dim=384 --set model.pred_num_heads=6 --set data.cache=ram_uint8 --set training.steps=70000 --set training.max_seconds=25200
CUDA_VISIBLE_DEVICES=[0]
GPU 0: NVIDIA A100-SXM4-40GB (UUID: GPU-b77b399f-d42d-77ee-3a66-31d9a23527de)
torch 2.14.0+cu130  cuda 13.0  devices 1
ok: NVIDIA A100-SXM4-40GB
preflight passed
train: 100000 tiles | val: 4000 tiles | 6 channels | 256x256
sentinel zeros in tile 0: 0.00000%
building 39.3 GB uint8 RAM cache of 100,000 tiles
  cached 20,032/100,000 tiles  438 tiles/s
  cached 40,000/100,000 tiles  474 tiles/s
  cached 60,032/100,000 tiles  486 tiles/s
  cached 80,000/100,000 tiles  481 tiles/s
  cached 100,000/100,000 tiles  496 tiles/s
  cache built: 39.3 GB in 3.4 min
model: ijepa/vit_base, 97.48M trainable, embedding_dim 1536
wandb: online run 'ijepa-b16-cache' -> https://wandb.ai/moritz-hauschulz/iecdt-hackathon/runs/98mmu2mx
pooling variants: mean, meanstd, mean4  (skipping mean4std at D=6144 > 4096)
[1;34mwandb[0m: 
[1;34mwandb[0m: 🚀 View run [33mijepa-b16-cache[0m at: [34mhttps://wandb.ai/moritz-hauschulz/iecdt-hackathon/runs/98mmu2mx[0m
